<html>
<body>
<pre>
<h1>µVision Build Log</h1>
<h2>Tool Versions:</h2>
IDE-Version: ¦ÌVision V5.26.2.0
Copyright (C) 2018 ARM Ltd and ARM Germany GmbH. All rights reserved.
License Information: gag fadg, hdu, LIC=14HEV-PHHC2-Y6KQX-H9Y80-JGC93-GU7M6
 
Tool Versions:
Toolchain:       MDK-ARM Plus  Version: 5.26.2.0
Toolchain Path:  E:\keil\ARM\ARMCC\Bin
C Compiler:      Armcc.exe V5.06 update 6 (build 750)
Assembler:       Armasm.exe V5.06 update 6 (build 750)
Linker/Locator:  ArmLink.exe V5.06 update 6 (build 750)
Library Manager: ArmAr.exe V5.06 update 6 (build 750)
Hex Converter:   FromElf.exe V5.06 update 6 (build 750)
CPU DLL:         SARMCM3.DLL V5.26.2.0
Dialog DLL:      DCM.DLL V1.17.2.0
Target DLL:      STLink\ST-LINKIII-KEIL_SWO.dll V3.0.5.0
Dialog DLL:      TCM.DLL V1.36.1.0
 
<h2>Project:</h2>
F:\×Ö¿â¸üÐÂ\USER\SPI.uvprojx
Project File Date:  06/01/2019

<h2>Output:</h2>
*** Using Compiler 'V5.06 update 6 (build 750)', folder: 'E:\keil\ARM\ARMCC\Bin'
Build target 'SPI'
compiling main.c...
compiling w25qxx.c...
compiling lcd.c...
compiling usart.c...
compiling fontupd.c...
compiling text.c...
linking...
Program Size: Code=33478 RO-data=6574 RW-data=60 ZI-data=13972  
FromELF: creating hex file...
"..\OBJ\SPI.axf" - 0 Error(s), 0 Warning(s).

<h2>Software Packages used:</h2>

Package Vendor: Keil
                http://www.keil.com/pack/Keil.STM32F4xx_DFP.2.13.0.pack
                Keil.STM32F4xx_DFP.2.13.0
                STMicroelectronics STM32F4 Series Device Support, Drivers and Examples

<h2>Collection of Component include folders:</h2>
  .\RTE\_SPI
  E:\keil\STM32F407ZGT6\Drivers\CMSIS\Device\ST\STM32F4xx\Include

<h2>Collection of Component Files used:</h2>
Build Time Elapsed:  00:00:06
</pre>
</body>
</html>
